<?php

namespace Modules\Blog\Helpers;

class MyHelper
{
    public function __construct()
    {
        //
    }
}
