<?php

namespace Modules\Blog\Http\Controllers;

use App\Http\Controllers\Controller;
use Illuminate\Http\RedirectResponse;
use Illuminate\Http\Request;
use Illuminate\Http\Response;

class PostController extends Controller
{
    /**
     * Display a listing of the resource.
     */
    public function index(): Response
    {
        return view('blog::index');
    }

    /**
     * Show the form for creating a new resource.
     */
    public function create(): Response
    {
        return view('blog::create');
    }

    /**
     * Store a newly created resource in storage.
     */
    public function store(Request $request): RedirectResponse
    {
        //
    }

    /**
     * Show the specified resource.
     */
    public function show($id): Response
    {
        return view('blog::show');
    }

    /**
     * Show the form for editing the specified resource.
     */
    public function edit($id): Response
    {
        return view('blog::edit');
    }

    /**
     * Update the specified resource in storage.
     */
    public function update(Request $request, $id): RedirectResponse
    {
        //
    }

    /**
     * Remove the specified resource from storage.
     */
    public function destroy($id): RedirectResponse
    {
        //
    }
}
