<?php

namespace Modules\Blog\Rules;

use Illuminate\Contracts\Validation\Rule;

class UniqueRule implements Rule
{
    /**
     * Create a new rule instance.
     */
    public function __construct()
    {
        //
    }

    /**
     * Determine if the validation rule passes.
     */
    public function passes(string $attribute, $value): bool
    {
        //
    }

    /**
     * Get the validation error message.
     */
    public function message(): string
    {
        return 'The validation error message.';
    }
}
